apiVersion: apps/v1
kind: DaemonSet
metadata:
  labels:
    app.kubernetes.io/instance: ztka
    app.kubernetes.io/managed-by: Helm
    app.kubernetes.io/name: fluent-bit
    app.kubernetes.io/version: 1.9.8
    helm.sh/chart: fluent-bit-0.20.8
  name: ztka-fluent-bit
spec:
  selector:
    matchLabels:
      app.kubernetes.io/instance: ztka
      app.kubernetes.io/name: fluent-bit
  template:
    metadata:
      annotations:
        checksum/config: e3b0c44298fc1c149afbf4c8996fb92427ae41e4649b934ca495991b7852b855
        checksum/luascripts: e3b0c44298fc1c149afbf4c8996fb92427ae41e4649b934ca495991b7852b855
      labels:
        app.kubernetes.io/instance: ztka
        app.kubernetes.io/name: fluent-bit
    spec:
      containers:
        - env:
            - name: PGSSLMODE
              value: disable
          image: cr.fluentbit.io/fluent/fluent-bit:1.9.8
          imagePullPolicy: Always
          livenessProbe:
            httpGet:
              path: /
              port: http
          name: fluent-bit
          ports:
            - containerPort: 2020
              name: http
              protocol: TCP
          readinessProbe:
            httpGet:
              path: /api/v1/health
              port: http
          volumeMounts:
            - mountPath: /fluent-bit/etc/fluent-bit.conf
              name: config
              subPath: fluent-bit.conf
            - mountPath: /fluent-bit/etc/custom_parsers.conf
              name: config
              subPath: custom_parsers.conf
            - mountPath: /var/log
              name: varlog
            - mountPath: /var/lib/docker/containers
              name: varlibdockercontainers
              readOnly: true
            - mountPath: /etc/machine-id
              name: etcmachineid
              readOnly: true
      dnsPolicy: ClusterFirst
      hostNetwork: false
      serviceAccountName: ztka-fluent-bit
      volumes:
        - configMap:
            name: fluentbit-config
          name: config
        - hostPath:
            path: /var/log
          name: varlog
        - hostPath:
            path: /var/lib/docker/containers
          name: varlibdockercontainers
        - hostPath:
            path: /etc/machine-id
            type: File
          name: etcmachineid
