apiVersion: v1
kind: Service
metadata:
  labels:
    app.kubernetes.io/instance: ztka
    app.kubernetes.io/managed-by: Helm
    app.kubernetes.io/name: fluent-bit
    app.kubernetes.io/version: 1.9.8
    helm.sh/chart: fluent-bit-0.20.8
  name: ztka-fluent-bit
spec:
  ports:
    - name: http
      port: 2020
      protocol: TCP
      targetPort: http
  selector:
    app.kubernetes.io/instance: ztka
    app.kubernetes.io/name: fluent-bit
  type: ClusterIP
