apiVersion: v1
data:
  AUDIT_PATH: /audit-logs
  PARALUS_RELAY_PEERSERVICE: https://paralus:10001
  SENTRY_ADDR: paralus:10000
kind: ConfigMap
metadata:
  labels:
    app.kubernetes.io/component: configuration
    app.kubernetes.io/instance: ztka
    app.kubernetes.io/managed-by: Helm
    app.kubernetes.io/name: relay
    app.kubernetes.io/part-of: paralus
    app.kubernetes.io/version: v0.2.9
    helm.sh/chart: ztka-0.3.0
  name: relay-server-config
