apiVersion: v1
data:
  kratos-config-hooks.yaml: "selfservice:\n  methods:\n    password:\n      enabled:\
    \ true\n  flows:\n    login:\n      after:\n        password:\n          hooks:\n\
    \            - hook: web_hook\n              config:\n                url: http://paralus:11000/auth/v3/user/auditlog\n\
    \                body: file:///etc/kratos/body.jsonnet                       \
    \         \n                method: POST\n"
kind: ConfigMap
metadata:
  labels:
    app.kubernetes.io/component: configuration
    app.kubernetes.io/instance: ztka
    app.kubernetes.io/managed-by: Helm
    app.kubernetes.io/name: kratos-config-hooks
    app.kubernetes.io/part-of: paralus
    app.kubernetes.io/version: v0.2.8
    helm.sh/chart: ztka-0.2.9
  name: kratos-config-hooks
