apiVersion: v1
data:
  default_browser_return_url: http://console.paralus.example.com
  selfservice_flows_error_ui_url: http://console.paralus.example.com/error-page
  selfservice_flows_recovery_ui_url: http://console.paralus.example.com/ksettings
  selfservice_flows_registration_ui_url: http://console.paralus.example.com/registeroidc
  selfservice_flows_settings_ui_url: http://console.paralus.example.com/ksettings
  serve_public_base_url: http://console.paralus.example.com
kind: ConfigMap
metadata:
  labels:
    app.kubernetes.io/component: configuration
    app.kubernetes.io/instance: ztka
    app.kubernetes.io/managed-by: Helm
    app.kubernetes.io/name: kratos-config
    app.kubernetes.io/part-of: paralus
    app.kubernetes.io/version: v0.2.9
    helm.sh/chart: ztka-0.3.0
  name: kratos-config
