apiVersion: v1
data:
  nginx.conf: |
    server {
      listen 8000;

      location / {
        root /usr/share/nginx/html;
        index index.html index.htm;
        try_files $uri $uri/ /index.html;
      }
    }
kind: ConfigMap
metadata:
  annotations: {}
  labels:
    name: dashboard-nginx-config
  name: dashboard-nginx-config
