apiVersion: v1
data:
  DB_ADDR: Zm9v
  DB_NAME: Zm9v
  DB_PASSWORD: Zm9v
  DB_USER: Zm9v
  DSN: cG9zdGdyZXM6Ly9mb286Zm9vQGZvbzo1NDMyL2Zvbz9zc2xtb2RlPWRpc2FibGU=
kind: Secret
metadata:
  labels:
    app.kubernetes.io/component: secret
    app.kubernetes.io/managed-by: Helm
    app.kubernetes.io/part-of: paralus
    app.kubernetes.io/version: v0.2.8
    helm.sh/chart: ztka-0.2.9
  name: paralus-db
type: Opaque
