apiVersion: v1
kind: Service
metadata:
  labels:
    app.kubernetes.io/component: networking
    app.kubernetes.io/instance: ztka
    app.kubernetes.io/managed-by: Helm
    app.kubernetes.io/name: relay
    app.kubernetes.io/part-of: paralus
    app.kubernetes.io/version: v0.2.8
    helm.sh/chart: ztka-0.2.9
  name: relay-server
spec:
  ports:
    - name: https
      port: 443
      protocol: TCP
      targetPort: https
  selector:
    app.kubernetes.io/instance: ztka
    app.kubernetes.io/name: relay
  type: ClusterIP
