apiVersion: v1
kind: Service
metadata:
  labels:
    app.kubernetes.io/instance: ztka
    app.kubernetes.io/managed-by: Helm
    app.kubernetes.io/name: dashboard
    app.kubernetes.io/part-of: paralus
    app.kubernetes.io/version: v0.2.8
    helm.sh/chart: ztka-0.2.9
  name: dashboard
spec:
  ports:
    - name: nginx
      port: 80
      protocol: TCP
      targetPort: nginx
  selector:
    app.kubernetes.io/instance: ztka
    app.kubernetes.io/name: dashboard
  type: ClusterIP
