apiVersion: v1
kind: Service
metadata:
  annotations:
    service.beta.kubernetes.io/aws-load-balancer-backend-protocol: tcp
  labels:
    app.kubernetes.io/component: envoy
    app.kubernetes.io/instance: ztka
    app.kubernetes.io/managed-by: Helm
    app.kubernetes.io/name: contour
    helm.sh/chart: contour-7.8.0
  name: ztka-contour-envoy
  namespace: syn-paralus
spec:
  externalTrafficPolicy: Local
  ports:
    - name: http
      port: 80
      protocol: TCP
      targetPort: http
    - name: https
      port: 443
      protocol: TCP
      targetPort: https
  selector:
    app.kubernetes.io/component: envoy
    app.kubernetes.io/instance: ztka
    app.kubernetes.io/name: contour
  type: LoadBalancer
