apiVersion: batch/v1
kind: Job
metadata:
  annotations:
    helm.sh/hook: pre-install,pre-upgrade
    helm.sh/hook-delete-policy: before-hook-creation,hook-succeeded
    helm.sh/hook-weight: '1'
  labels:
    app.kubernetes.io/component: contour-certgen
    app.kubernetes.io/instance: ztka
    app.kubernetes.io/managed-by: Helm
    app.kubernetes.io/name: contour
    helm.sh/chart: contour-7.8.0
  name: ztka-contour-contour-certgen
  namespace: syn-paralus
spec:
  backoffLimit: 1
  completions: 1
  parallelism: 1
  template:
    metadata:
      labels:
        app.kubernetes.io/component: contour-certgen
        app.kubernetes.io/instance: ztka
        app.kubernetes.io/managed-by: Helm
        app.kubernetes.io/name: contour
        helm.sh/chart: contour-7.8.0
    spec:
      containers:
        - args:
            - certgen
            - --kube
            - --incluster
            - --overwrite
            - --secrets-format=compact
            - --namespace=$(CONTOUR_NAMESPACE)
            - --certificate-lifetime=365
          command:
            - contour
          env:
            - name: CONTOUR_NAMESPACE
              valueFrom:
                fieldRef:
                  fieldPath: metadata.namespace
          image: docker.io/bitnami/contour:1.20.1-debian-10-r53
          imagePullPolicy: IfNotPresent
          name: contour
          resources:
            limits: {}
            requests: {}
          securityContext:
            runAsNonRoot: true
            runAsUser: 1001
      restartPolicy: Never
      securityContext:
        fsGroup: 1001
      serviceAccountName: ztka-contour-contour-certgen
