apiVersion: rbac.authorization.k8s.io/v1
kind: Role
metadata:
  annotations:
    helm.sh/hook: pre-install,pre-upgrade
    helm.sh/hook-delete-policy: before-hook-creation,hook-succeeded
  labels:
    app.kubernetes.io/component: contour-certgen
    app.kubernetes.io/instance: ztka
    app.kubernetes.io/managed-by: Helm
    app.kubernetes.io/name: contour
    helm.sh/chart: contour-7.8.0
  name: ztka-contour-contour-certgen
  namespace: syn-paralus
rules:
  - apiGroups:
      - ''
    resources:
      - secrets
    verbs:
      - create
      - update
---
apiVersion: rbac.authorization.k8s.io/v1
kind: RoleBinding
metadata:
  annotations:
    helm.sh/hook: pre-install,pre-upgrade
    helm.sh/hook-delete-policy: before-hook-creation,hook-succeeded
  labels:
    app.kubernetes.io/component: contour-certgen
    app.kubernetes.io/instance: ztka
    app.kubernetes.io/managed-by: Helm
    app.kubernetes.io/name: contour
    helm.sh/chart: contour-7.8.0
  name: ztka-contour-contour-certgen
  namespace: syn-paralus
roleRef:
  apiGroup: rbac.authorization.k8s.io
  kind: Role
  name: ztka-contour-contour-certgen
subjects:
  - kind: ServiceAccount
    name: ztka-contour-contour-certgen
