apiVersion: v1
kind: ServiceAccount
metadata:
  annotations:
    helm.sh/hook: pre-install,pre-upgrade
    helm.sh/hook-delete-policy: before-hook-creation,hook-succeeded
  labels:
    app.kubernetes.io/component: contour-certgen
    app.kubernetes.io/instance: ztka
    app.kubernetes.io/managed-by: Helm
    app.kubernetes.io/name: contour
    helm.sh/chart: contour-7.8.0
  name: ztka-contour-contour-certgen
  namespace: syn-paralus
