apiVersion: v1
data:
  AUDIT_LOG_FILE: /audit-logs/audit.log
  DEV: 'false'
  KRATOS_ADDR: http://ztka-kratos-admin
  KRATOS_PUB_ADDR: http://ztka-kratos-public
  SENTRY_ADDR: paralus:10000
kind: ConfigMap
metadata:
  labels:
    app.kubernetes.io/component: configuration
    app.kubernetes.io/instance: ztka
    app.kubernetes.io/managed-by: Helm
    app.kubernetes.io/name: prompt
    app.kubernetes.io/part-of: paralus
    app.kubernetes.io/version: v0.2.8
    helm.sh/chart: ztka-0.2.9
  name: prompt-config
