apiVersion: projectcontour.io/v1
kind: HTTPProxy
metadata:
  labels:
    app.kubernetes.io/component: networking
    app.kubernetes.io/managed-by: Helm
    app.kubernetes.io/part-of: paralus
    app.kubernetes.io/version: v0.2.8
    helm.sh/chart: ztka-0.2.9
  name: ztka-core-connector
spec:
  tcpproxy:
    services:
      - name: relay-server
        port: 443
  virtualhost:
    fqdn: '*.core-connector.paralus.local'
    tls:
      passthrough: true
---
apiVersion: projectcontour.io/v1
kind: HTTPProxy
metadata:
  labels:
    app.kubernetes.io/component: networking
    app.kubernetes.io/managed-by: Helm
    app.kubernetes.io/part-of: paralus
    app.kubernetes.io/version: v0.2.8
    helm.sh/chart: ztka-0.2.9
  name: ztka-user
spec:
  tcpproxy:
    services:
      - name: relay-server
        port: 443
  virtualhost:
    fqdn: '*.user.paralus.local'
    tls:
      passthrough: true
