apiVersion: v1
data:
  dsn: cG9zdGdyZXM6Ly9mb286Zm9vQGZvbzo1NDMyL2Zvbz9zc2xtb2RlPWRpc2FibGU=
  smtpConnectionURI: c210cHM6Ly90ZXN0OnRlc3RAbXlwb3N0OjEwMjUvP3NraXBfc3NsX3ZlcmlmeT10cnVl
kind: Secret
metadata:
  labels:
    app.kubernetes.io/component: secret
    app.kubernetes.io/managed-by: Helm
    app.kubernetes.io/part-of: paralus
    app.kubernetes.io/version: v0.2.9
    helm.sh/chart: ztka-0.3.0
  name: kratos
type: Opaque
