apiVersion: v1
kind: ServiceAccount
metadata:
  labels:
    app.kubernetes.io/component: rbac
    app.kubernetes.io/managed-by: Helm
    app.kubernetes.io/part-of: paralus
    app.kubernetes.io/version: v0.2.9
    helm.sh/chart: ztka-0.3.0
  name: ztka-ztka
