apiVersion: v1
kind: ServiceAccount
metadata:
  annotations:
    helm.sh/hook: pre-install, pre-upgrade
    helm.sh/hook-delete-policy: before-hook-creation
    helm.sh/hook-weight: '0'
  labels:
    app.kubernetes.io/instance: ztka
    app.kubernetes.io/managed-by: Helm
    app.kubernetes.io/name: kratos
    app.kubernetes.io/version: v0.11.1
    helm.sh/chart: kratos-0.29.0
  name: ztka-kratos-job
  namespace: syn-paralus
