apiVersion: v1
data:
  contour.yaml: |
    accesslog-format: envoy
    disablePermitInsecure: false
    envoy-service-name: 'ztka-contour-envoy'
    leaderelection:
      configmap-namespace: 'syn-paralus'
    tls:
      fallback-certificate: {}
kind: ConfigMap
metadata:
  labels:
    app.kubernetes.io/component: contour
    app.kubernetes.io/instance: ztka
    app.kubernetes.io/managed-by: Helm
    app.kubernetes.io/name: contour
    helm.sh/chart: contour-7.8.0
  name: ztka-contour
  namespace: syn-paralus
