apiVersion: apps/v1
kind: Deployment
metadata:
  labels:
    app.kubernetes.io/component: contour
    app.kubernetes.io/instance: ztka
    app.kubernetes.io/managed-by: Helm
    app.kubernetes.io/name: contour
    helm.sh/chart: contour-7.8.0
  name: ztka-contour-contour
  namespace: syn-paralus
spec:
  replicas: 1
  selector:
    matchLabels:
      app.kubernetes.io/component: contour
      app.kubernetes.io/instance: ztka
      app.kubernetes.io/name: contour
  template:
    metadata:
      annotations:
        checksum/config: 79b0450c19174855fcf43002872818874c25a831e05edd3eb139800ad47af860
      labels:
        app.kubernetes.io/component: contour
        app.kubernetes.io/instance: ztka
        app.kubernetes.io/managed-by: Helm
        app.kubernetes.io/name: contour
        helm.sh/chart: contour-7.8.0
    spec:
      affinity:
        nodeAffinity: null
        podAffinity: null
        podAntiAffinity:
          preferredDuringSchedulingIgnoredDuringExecution:
            - podAffinityTerm:
                labelSelector:
                  matchLabels:
                    app.kubernetes.io/component: contour
                    app.kubernetes.io/instance: ztka
                    app.kubernetes.io/name: contour
                namespaces:
                  - syn-paralus
                topologyKey: kubernetes.io/hostname
              weight: 1
      containers:
        - args:
            - serve
            - --incluster
            - --xds-address=0.0.0.0
            - --xds-port=8001
            - --http-port=8000
            - --envoy-service-http-port=8080
            - --envoy-service-https-port=8443
            - --contour-cafile=/certs/ca.crt
            - --contour-cert-file=/certs/tls.crt
            - --contour-key-file=/certs/tls.key
            - --config-path=/config/contour.yaml
            - --kubernetes-debug=0
          command:
            - contour
          env:
            - name: CONTOUR_NAMESPACE
              valueFrom:
                fieldRef:
                  apiVersion: v1
                  fieldPath: metadata.namespace
            - name: POD_NAME
              valueFrom:
                fieldRef:
                  apiVersion: v1
                  fieldPath: metadata.name
            - name: BITNAMI_DEBUG
              value: 'false'
          image: docker.io/bitnami/contour:1.20.1-debian-10-r53
          imagePullPolicy: IfNotPresent
          livenessProbe:
            failureThreshold: 6
            httpGet:
              path: /healthz
              port: 8000
            initialDelaySeconds: 120
            periodSeconds: 20
            successThreshold: 1
            timeoutSeconds: 5
          name: contour
          ports:
            - containerPort: 8001
              name: xds
              protocol: TCP
            - containerPort: 8000
              name: metrics
              protocol: TCP
          readinessProbe:
            failureThreshold: 3
            httpGet:
              path: /healthz
              port: 8000
            initialDelaySeconds: 15
            periodSeconds: 10
            successThreshold: 1
            timeoutSeconds: 5
          resources:
            limits: {}
            requests: {}
          securityContext:
            runAsNonRoot: true
            runAsUser: 1001
          volumeMounts:
            - mountPath: /certs
              name: contourcert
              readOnly: true
            - mountPath: /config
              name: contour-config
              readOnly: true
      dnsPolicy: ClusterFirst
      securityContext:
        fsGroup: 1001
      serviceAccountName: ztka-contour-contour
      volumes:
        - name: contourcert
          secret:
            secretName: contourcert
        - configMap:
            defaultMode: 420
            items:
              - key: contour.yaml
                path: contour.yaml
            name: ztka-contour
          name: contour-config
