apiVersion: v1
kind: Service
metadata:
  annotations: null
  labels:
    app.kubernetes.io/component: contour
    app.kubernetes.io/instance: ztka
    app.kubernetes.io/managed-by: Helm
    app.kubernetes.io/name: contour
    helm.sh/chart: contour-7.8.0
  name: ztka-contour
  namespace: syn-paralus
spec:
  ports:
    - name: tcp-xds
      nodePort: null
      port: 8001
      protocol: TCP
      targetPort: xds
  selector:
    app.kubernetes.io/component: contour
    app.kubernetes.io/instance: ztka
    app.kubernetes.io/name: contour
  type: ClusterIP
