apiVersion: v1
kind: ServiceAccount
metadata:
  labels:
    app.kubernetes.io/component: contour
    app.kubernetes.io/instance: ztka
    app.kubernetes.io/managed-by: Helm
    app.kubernetes.io/name: contour
    helm.sh/chart: contour-7.8.0
  name: ztka-contour-contour
  namespace: syn-paralus
